// Jest Snapshot v1, https://goo.gl/fbAQLP

exports[`tests HeroPage should match with the snapshot 1`] = `
<div>
  <div
    class="row"
  >
    <div
      class="col-6"
    >
      <div
        class="card"
      >
        <div
          class="row g-0"
        >
          <div
            class="col-md-4"
          >
            <img
              alt="Green Arrow"
              class="img-fluid rounded-start animate__animated animate__fadeInLeft"
              src="/heroes/dc-arrow.jpg"
            />
          </div>
          <div
            class="col-md-8"
          >
            <div
              class="card-body h-100 d-flex align-items-between flex-wrap"
            >
              <div>
                <h5
                  class="card-title"
                >
                  Green Arrow
                </h5>
                <p
                  class="card-text"
                >
                  Oliver Queen
                </p>
                <p
                  class="card-text"
                >
                  DC Comics
                </p>
                <p
                  class="card-text"
                >
                  <small
                    class="text-muted"
                  >
                    More Fun Comics #73
                  </small>
                </p>
              </div>
              <div
                class="w-100 d-flex justify-content-end align-items-end"
              >
                <button
                  class="btn btn-outline-dark"
                >
                  Back
                </button>
              </div>
            </div>
          </div>
        </div>
      </div>
    </div>
  </div>
</div>
`;
