// Jest Snapshot v1, https://goo.gl/fbAQLP

exports[`tests SearchPage should display with defect values 1`] = `
<div>
  <h1>
    Search
  </h1>
  <hr />
  <div
    class="row"
  >
    <div
      class="col-5"
    >
      <h4>
        Searching
      </h4>
      <hr />
      <form
        autocomplete="off"
      >
        <div
          class="form-floating mb-3"
        >
          <input
            class="form-control"
            id="searchText"
            name="searchText"
            placeholder="Green Arrow"
            type="text"
            value=""
          />
          <label
            for="searchText"
          >
            Search a hero
          </label>
        </div>
        <button
          class="btn btn-outline-dark"
          data-testid="submitBtn"
          type="submit"
        >
          Submit
        </button>
      </form>
    </div>
    <div
      class="col-7"
    >
      <h4>
        Results
      </h4>
      <hr />
      <div
        aria-label="alertToSearch"
        class="alert alert-info animate__animated animate__fadeIn"
      >
        Search a hero
      </div>
      <div
        class="row g-3"
      />
    </div>
  </div>
</div>
`;
